[2026-08-21 07:10:08] =========== T13b-anchor campaign start (pid 64640) ===========
[2026-08-21 07:10:08] QUESTION: optimization or capacity? Both seesaw swings ran at ACQUISITION
[2026-08-21 07:10:08]           LR (1e-2); this is the same six skills at MAINTENANCE LR.
[2026-08-21 07:10:08] root:     t11t_tight_child.pt  (tight intact; wides rebuild under majority gradient)
[2026-08-21 07:10:08] mixture:  t11_mixture=2 — TIGHT .25 E3 .20 E2 .15 LONGRANGE .15 E0 .125 E1 .125 W1 0.0
[2026-08-21 07:10:08] anchor:   lambda 0.02 on t11b_anchor_tight.pt (tight-cell states, CE to the root)
[2026-08-21 07:10:08] LR:       1e-3 (annealed)   ent_coef 0.01, NO l2_init
[2026-08-21 07:10:08] steps:    100000000, mid battery at ~50000000
[2026-08-21 07:10:08] W1:       EXCLUDED from training (0.0 in all three seesaw states, 22000 cap);
[2026-08-21 07:10:08]           still EVALUATED so the zero stays on the record.
[2026-08-21 07:10:08] baseline: E0 97.0 E1 96.5 E2 29.0 E3 6.5 LONGRANGE 40.0 TIGHT 92.5 W1 0.0
[2026-08-21 07:10:08] STATE:    tight rows are MEAN-ELEMENT claims (Brouwer radial 3.3 km > 5 km box)
[2026-08-21 07:10:08] stages requested: 0,1,2,3   seed 7 (suffixed)
[2026-08-21 07:10:09] START stage 0 (anchors, both families, + the T11 gate battery)
[2026-08-21 07:10:27]   RESULT anchors rc=0 25/25 checks pass
[2026-08-21 07:10:35]   RESULT t11 gates rc=0 15/15 gates pass
[2026-08-21 07:10:35]     [PASS] G9a realized consolidation mixture matches its table
[2026-08-21 07:10:35]     [PASS] G9b the excluded cell is drawn exactly zero times
[2026-08-21 07:10:35]     [PASS] G9c the shipped mixture is unchanged by the variant
[2026-08-21 07:10:35] ---- stage 0 done ----
[2026-08-21 07:10:35] START stage 1 (consolidation: 100000000 steps, LR 1e-3, t11_mixture=2)
[2026-08-21 07:10:35]   trainer pid 64739
[2026-08-21 09:40:46]   TRIPWIRE tight @~25M: 85% (root 92.5%, floor 46%, 20 eps)
[2026-08-21 16:59:28]   final ckpt present; watchdog armed (900s)
[2026-08-21 17:14:30]   WATCHDOG: killing 64739
[2026-08-21 17:14:50]   final entropy 0.636 (this run starts ~0.70 and held 0.70-0.72 over the 2M smoke; acquisition-LR reference ~1.62, ln 31 = 3.43)
[2026-08-21 17:14:50] ---- stage 1 done ----
[2026-08-21 17:14:50] START stage 2 (MID battery at ~50000000: converging hold vs slower seesaw)
[2026-08-21 17:14:50]   ckpt model_puffer_orbital_nav_000400.pt
[2026-08-21 17:19:31] RESULT mid_E0_j2_s7: mid_E0_j2_s7               success 198/200 =  99.0%   md5 09cdd4fd27f2   280s
[2026-08-21 17:19:31]   mid_E0_j2_s7 causes: success=198, safety_cap=2
[2026-08-21 17:19:31]   mid_E0_j2_s7 FUEL AUDIT (successes): dv used 284.7 m/s vs direct ref 257.8 (efficiency 1.094x), budget 501.1 (58.2% of tank)
[2026-08-21 17:19:31]   mid_E0_j2_s7 FUEL AUDIT (successes): dv used 284.7 m/s vs direct ref 257.8 (efficiency 1.094x), budget 501.1 (58.2% of tank)
[2026-08-21 17:19:31]   ^ E0_j2 baseline (tight child) was 97.0%
[2026-08-21 17:24:23] RESULT mid_E1_j2_s7: mid_E1_j2_s7               success 198/200 =  99.0%   md5 6dc9e86a0a57   290s
[2026-08-21 17:24:23]   mid_E1_j2_s7 causes: success=198, safety_cap=2
[2026-08-21 17:24:23]   mid_E1_j2_s7 FUEL AUDIT (successes): dv used 258.9 m/s vs direct ref 231.1 (efficiency 1.077x), budget 503.4 (53.2% of tank)
[2026-08-21 17:24:23]   mid_E1_j2_s7 FUEL AUDIT (successes): dv used 258.9 m/s vs direct ref 231.1 (efficiency 1.077x), budget 503.4 (53.2% of tank)
[2026-08-21 17:24:23]   ^ E1_j2 baseline (tight child) was 96.5%
[2026-08-21 17:31:19] RESULT mid_E2_j2_s7: mid_E2_j2_s7               success 196/200 =  98.0%   md5 3a0b7ecfc444   415s
[2026-08-21 17:31:19]   mid_E2_j2_s7 causes: success=196, safety_cap=4
[2026-08-21 17:31:19]   mid_E2_j2_s7 FUEL AUDIT (successes): dv used 270.4 m/s vs direct ref 243.4 (efficiency 1.066x), budget 505.2 (53.3% of tank)
[2026-08-21 17:31:19]   mid_E2_j2_s7 FUEL AUDIT (successes): dv used 270.4 m/s vs direct ref 243.4 (efficiency 1.066x), budget 505.2 (53.3% of tank)
[2026-08-21 17:31:19]   ^ E2_j2 baseline (tight child) was 29.0%
[2026-08-21 17:45:58] RESULT mid_E3_j2_s7: mid_E3_j2_s7               success 176/200 =  88.0%   md5 49f0ea9eb016   878s
[2026-08-21 17:45:58]   mid_E3_j2_s7 causes: success=176, safety_cap=24
[2026-08-21 17:45:58]   mid_E3_j2_s7 FUEL AUDIT (successes): dv used 272.4 m/s vs direct ref 246.8 (efficiency 1.114x), budget 494.7 (56.5% of tank)
[2026-08-21 17:45:58]   mid_E3_j2_s7 FUEL AUDIT (successes): dv used 272.4 m/s vs direct ref 246.8 (efficiency 1.114x), budget 494.7 (56.5% of tank)
[2026-08-21 17:45:58]   ^ E3_j2 baseline (tight child) was 6.5%
[2026-08-21 19:42:31] RESULT mid_W1_driftwait_s7: mid_W1_driftwait_s7        success 0/200 =   0.0%   md5 2834edfa895d   6992s
[2026-08-21 19:42:31]   mid_W1_driftwait_s7 causes: safety_cap=200
[2026-08-21 19:42:31]   mid_W1_driftwait_s7 FUEL AUDIT (successes): dv used nan m/s vs direct ref nan (efficiency nanx), budget nan (nan% of tank)
[2026-08-21 19:42:31]   mid_W1_driftwait_s7 FUEL AUDIT (successes): dv used nan m/s vs direct ref nan (efficiency nanx), budget nan (nan% of tank)
[2026-08-21 19:42:31]   ^ W1_driftwait baseline (tight child) was 0.0%
[2026-08-21 19:51:59] RESULT mid_TIGHT_5k1_s7: mid_TIGHT_5k1_s7           success 180/200 =  90.0%   md5 436a8391087f   568s
[2026-08-21 19:51:59]   mid_TIGHT_5k1_s7 causes: success=180, safety_cap=20
[2026-08-21 19:51:59]   mid_TIGHT_5k1_s7 FUEL AUDIT (successes): dv used 312.2 m/s vs direct ref 253.0 (efficiency 1.235x), budget 508.2 (65.2% of tank)
[2026-08-21 19:51:59]   mid_TIGHT_5k1_s7 FUEL AUDIT (successes): dv used 312.2 m/s vs direct ref 253.0 (efficiency 1.235x), budget 508.2 (65.2% of tank)
[2026-08-21 19:51:59]   ^ TIGHT_5k1 baseline (tight child) was 92.5%
[2026-08-21 19:58:56] RESULT mid_LONGRANGE_s7: mid_LONGRANGE_s7           success 198/200 =  99.0%   md5 13590962d72d   416s
[2026-08-21 19:58:56]   mid_LONGRANGE_s7 causes: success=198, safety_cap=2
[2026-08-21 19:58:56]   mid_LONGRANGE_s7 FUEL AUDIT (successes): dv used 265.7 m/s vs direct ref 252.5 (efficiency 1.037x), budget 500.0 (54.1% of tank)
[2026-08-21 19:58:56]   mid_LONGRANGE_s7 FUEL AUDIT (successes): dv used 265.7 m/s vs direct ref 252.5 (efficiency 1.037x), budget 500.0 (54.1% of tank)
[2026-08-21 19:58:56]   ^ LONGRANGE baseline (tight child) was 40.0%
[2026-08-21 19:58:56] ---- stage 2 done ----
[2026-08-21 19:58:56] START stage 3 (FINAL battery + tight fuel slices)
[2026-08-21 19:58:57]   ckpt model_puffer_orbital_nav_000763.pt
[2026-08-21 20:03:26] RESULT fin_E0_j2_s7: fin_E0_j2_s7               success 198/200 =  99.0%   md5 951550211803   269s
[2026-08-21 20:03:26]   fin_E0_j2_s7 causes: success=198, safety_cap=2
[2026-08-21 20:03:26]   fin_E0_j2_s7 FUEL AUDIT (successes): dv used 279.1 m/s vs direct ref 257.8 (efficiency 1.096x), budget 501.1 (58.8% of tank)
[2026-08-21 20:03:26]   fin_E0_j2_s7 FUEL AUDIT (successes): dv used 279.1 m/s vs direct ref 257.8 (efficiency 1.096x), budget 501.1 (58.8% of tank)
[2026-08-21 20:03:26]   ^ E0_j2 baseline (tight child) was 97.0%
[2026-08-21 20:08:08] RESULT fin_E1_j2_s7: fin_E1_j2_s7               success 200/200 = 100.0%   md5 961df8309a5a   282s
[2026-08-21 20:08:08]   fin_E1_j2_s7 causes: success=200
[2026-08-21 20:08:08]   fin_E1_j2_s7 FUEL AUDIT (successes): dv used 258.4 m/s vs direct ref 231.6 (efficiency 1.088x), budget 500.5 (52.6% of tank)
[2026-08-21 20:08:08]   fin_E1_j2_s7 FUEL AUDIT (successes): dv used 258.4 m/s vs direct ref 231.6 (efficiency 1.088x), budget 500.5 (52.6% of tank)
[2026-08-21 20:08:08]   ^ E1_j2 baseline (tight child) was 96.5%
[2026-08-21 20:14:30] RESULT fin_E2_j2_s7: fin_E2_j2_s7               success 199/200 =  99.5%   md5 fb8f87ccfce3   380s
[2026-08-21 20:14:30]   fin_E2_j2_s7 causes: success=199, safety_cap=1
[2026-08-21 20:14:30]   fin_E2_j2_s7 FUEL AUDIT (successes): dv used 270.7 m/s vs direct ref 242.3 (efficiency 1.060x), budget 503.8 (53.4% of tank)
[2026-08-21 20:14:30]   fin_E2_j2_s7 FUEL AUDIT (successes): dv used 270.7 m/s vs direct ref 242.3 (efficiency 1.060x), budget 503.8 (53.4% of tank)
[2026-08-21 20:14:30]   ^ E2_j2 baseline (tight child) was 29.0%
[2026-08-21 20:27:32] RESULT fin_E3_j2_s7: fin_E3_j2_s7               success 187/200 =  93.5%   md5 7eac82b4a7f6   781s
[2026-08-21 20:27:32]   fin_E3_j2_s7 causes: success=187, safety_cap=13
[2026-08-21 20:27:32]   fin_E3_j2_s7 FUEL AUDIT (successes): dv used 280.4 m/s vs direct ref 245.5 (efficiency 1.108x), budget 490.4 (58.3% of tank)
[2026-08-21 20:27:32]   fin_E3_j2_s7 FUEL AUDIT (successes): dv used 280.4 m/s vs direct ref 245.5 (efficiency 1.108x), budget 490.4 (58.3% of tank)
[2026-08-21 20:27:32]   ^ E3_j2 baseline (tight child) was 6.5%
[2026-08-21 22:23:41] RESULT fin_W1_driftwait_s7: fin_W1_driftwait_s7        success 0/200 =   0.0%   md5 e60720bfd4bd   6969s
[2026-08-21 22:23:41]   fin_W1_driftwait_s7 causes: safety_cap=200
[2026-08-21 22:23:41]   fin_W1_driftwait_s7 FUEL AUDIT (successes): dv used nan m/s vs direct ref nan (efficiency nanx), budget nan (nan% of tank)
[2026-08-21 22:23:41]   fin_W1_driftwait_s7 FUEL AUDIT (successes): dv used nan m/s vs direct ref nan (efficiency nanx), budget nan (nan% of tank)
[2026-08-21 22:23:41]   ^ W1_driftwait baseline (tight child) was 0.0%
[2026-08-21 22:33:07] RESULT fin_TIGHT_5k1_s7: fin_TIGHT_5k1_s7           success 185/200 =  92.5%   md5 d8a2752bf371   565s
[2026-08-21 22:33:07]   fin_TIGHT_5k1_s7 causes: success=185, safety_cap=15
[2026-08-21 22:33:07]   fin_TIGHT_5k1_s7 FUEL AUDIT (successes): dv used 313.4 m/s vs direct ref 253.6 (efficiency 1.244x), budget 507.6 (65.3% of tank)
[2026-08-21 22:33:07]   fin_TIGHT_5k1_s7 FUEL AUDIT (successes): dv used 313.4 m/s vs direct ref 253.6 (efficiency 1.244x), budget 507.6 (65.3% of tank)
[2026-08-21 22:33:07]   ^ TIGHT_5k1 baseline (tight child) was 92.5%
[2026-08-21 22:39:21] RESULT fin_LONGRANGE_s7: fin_LONGRANGE_s7           success 200/200 = 100.0%   md5 615c98f59933   373s
[2026-08-21 22:39:21]   fin_LONGRANGE_s7 causes: success=200
[2026-08-21 22:39:21]   fin_LONGRANGE_s7 FUEL AUDIT (successes): dv used 265.9 m/s vs direct ref 252.5 (efficiency 1.025x), budget 499.5 (54.3% of tank)
[2026-08-21 22:39:21]   fin_LONGRANGE_s7 FUEL AUDIT (successes): dv used 265.9 m/s vs direct ref 252.5 (efficiency 1.025x), budget 499.5 (54.3% of tank)
[2026-08-21 22:39:21]   ^ LONGRANGE baseline (tight child) was 40.0%
[2026-08-21 22:47:46] RESULT fin_TIGHT_5k1_T_s7: fin_TIGHT_5k1_T_s7         success 191/200 =  95.5%   md5 37fe0b33323a   504s
[2026-08-21 22:47:46]   fin_TIGHT_5k1_T_s7 causes: success=191, safety_cap=9
[2026-08-21 22:47:46]   fin_TIGHT_5k1_T_s7 FUEL AUDIT (successes): dv used 325.4 m/s vs direct ref 259.5 (efficiency 1.262x), budget 532.7 (62.0% of tank)
[2026-08-21 22:47:46]   fin_TIGHT_5k1_T_s7 FUEL AUDIT (successes): dv used 325.4 m/s vs direct ref 259.5 (efficiency 1.262x), budget 532.7 (62.0% of tank)
[2026-08-21 22:57:20] RESULT fin_tight_lean_s7: fin_tight_lean_s7          success 183/200 =  91.5%   md5 f50ab5a1abf1   573s
[2026-08-21 22:57:20]   fin_tight_lean_s7 causes: success=183, safety_cap=17
[2026-08-21 22:57:20]   fin_tight_lean_s7 FUEL AUDIT (successes): dv used 303.4 m/s vs direct ref 251.8 (efficiency 1.185x), budget 419.9 (72.3% of tank)
[2026-08-21 22:57:20]   fin_tight_lean_s7 FUEL AUDIT (successes): dv used 303.4 m/s vs direct ref 251.8 (efficiency 1.185x), budget 419.9 (72.3% of tank)
[2026-08-21 23:05:32] RESULT fin_tight_rich_s7: fin_tight_rich_s7          success 195/200 =  97.5%   md5 683733e1d7da   491s
[2026-08-21 23:05:32]   fin_tight_rich_s7 causes: success=195, safety_cap=5
[2026-08-21 23:05:32]   fin_tight_rich_s7 FUEL AUDIT (successes): dv used 350.4 m/s vs direct ref 259.5 (efficiency 1.362x), budget 656.5 (53.4% of tank)
[2026-08-21 23:05:32]   fin_tight_rich_s7 FUEL AUDIT (successes): dv used 350.4 m/s vs direct ref 259.5 (efficiency 1.362x), budget 656.5 (53.4% of tank)
[2026-08-21 23:05:34] RESULT fin_TIGHT_5k1_tr_s7: fin_TIGHT_5k1_tr_s7        success 175/200 =  87.5%   md5 8656ae0af5ad   1s
[2026-08-21 23:05:34]   fin_TIGHT_5k1_tr_s7 causes: success=175, safety_cap=25
[2026-08-21 23:05:34]   fin_TIGHT_5k1_tr_s7 FUEL AUDIT (successes): dv used 340.4 m/s vs direct ref 252.4 (efficiency 1.333x), budget 515.4 (70.0% of tank)
[2026-08-21 23:05:34]   fin_TIGHT_5k1_tr_s7 FUEL AUDIT (successes): dv used 340.4 m/s vs direct ref 252.4 (efficiency 1.333x), budget 515.4 (70.0% of tank)
[2026-08-21 23:05:36] RESULT fin_E3_j2_tr_s7: fin_E3_j2_tr_s7            success 192/200 =  96.0%   md5 280ba48bbfbf   1s
[2026-08-21 23:05:36]   fin_E3_j2_tr_s7 causes: success=192, safety_cap=8
[2026-08-21 23:05:36]   fin_E3_j2_tr_s7 FUEL AUDIT (successes): dv used 288.7 m/s vs direct ref 245.7 (efficiency 1.159x), budget 480.2 (59.0% of tank)
[2026-08-21 23:05:36]   fin_E3_j2_tr_s7 FUEL AUDIT (successes): dv used 288.7 m/s vs direct ref 245.7 (efficiency 1.159x), budget 480.2 (59.0% of tank)
[2026-08-21 23:05:36]   ── VERDICT (read mid -> fin against the baseline row) ──
[2026-08-21 23:05:36]   tight  92.5 -> 90 (50M) -> 92 (100M)
[2026-08-21 23:05:36]   E2_j2  29.0 -> 98 (50M) -> 100 (100M)
[2026-08-21 23:05:36]   E3_j2   6.5 -> 88 (50M) -> 94 (100M)
[2026-08-21 23:05:36]   READ:
[2026-08-21 23:05:36]    - tight high at BOTH and wides climbing = CONSOLIDATION HOLDS; the
[2026-08-21 23:05:36]      seesaw was optimization, not capacity, and the write-up changes.
[2026-08-21 23:05:36]    - tight high at 50M, down at 100M = slower seesaw; LR bought time,
[2026-08-21 23:05:36]      not a fix.
[2026-08-21 23:05:36]    - wides FLAT at both (E3 still ~6.5) = LR too low to re-acquire;
[2026-08-21 23:05:36]      this is red-team (a), NOT a capacity result. Fallback T13B_LR=2e-3,
[2026-08-21 23:05:36]      then staged (T13B_LR2/T13B_LR_SWITCH).
[2026-08-21 23:05:36]    - anything 'held' while entropy sat under 0.45 is suspect (c).
[2026-08-21 23:05:36]    - W1 is expected 0.0: excluded from training BY DESIGN, evaluated
[2026-08-21 23:05:36]      anyway. It is not evidence about consolidation either way.
[2026-08-21 23:05:36] ---- stage 3 done ----
[2026-08-21 23:05:36] =========== t13b-anchor campaign COMPLETE ===========
