[2026-08-23 13:36:32] =========== T15e DAgger iteration-4 campaign start (pid 54798) ===========
[2026-08-23 13:36:32] QUESTION: iteration 4. Cap-exhaustion is REFUTED — the 91.7% teacher
[2026-08-23 13:36:32]           works inside the same cap (max 0.940). Ceiling is the TEACHER, not
[2026-08-23 13:36:32]           the clock; gap-closure model predicts +6 to +7 -> W1 76-77.
[2026-08-23 13:36:32] root:     t15d_dagger_final.pt  (all seven present; W1 31.5, TIGHT 85.5)
[2026-08-23 13:36:32] mixture:  t11_mixture=4 — step share RE-SOLVED at the new root:
[2026-08-23 13:36:32]           W1 43.9%  TIGHT 35.6%  wides 20.5% (verified at MEAN dec/ep 283)
[2026-08-23 13:36:32] anchors:  ACQ w1_acq lambda 0.20->0.20 over 0 (teacher w1nav_child, W1 states)
[2026-08-23 13:36:32]           DEF tight_def lambda 0.02 constant (teacher = the root itself, TIGHT states)
[2026-08-23 13:36:32] LR:       1e-3 (annealed)   ent_coef 0.01, NO l2_init
[2026-08-23 13:36:32] steps:    75000000, mid battery at ~50000000   nav_max_ticks 0  filter c
[2026-08-23 13:36:32] W1:       anchor set is AGGREGATED (900 teacher-visited + 900 student-visited),
[2026-08-23 13:36:32]           teacher still competent (H 0.84 vs flat 3.43); novelty flat at 1.13
[2026-08-23 13:36:32] baseline: root battery wides 96-99.5, TIGHT 87.0 (best-of-era), W1 70.0 (+13.5,+14.0,+11.0)
[2026-08-23 13:36:32] STATE:    all rows MEAN-ELEMENT claims under J2; rel slip 83 m / 0.094 m/s per orbit at 5 km
[2026-08-23 13:36:32] stages requested: 0,1,2,3   seed 42
[2026-08-23 13:36:32]   NOTE defense teacher != root BY DESIGN — anchoring TIGHT to the
[2026-08-23 13:36:32]        better behaviour (t13b 95.0) rather than the root's 85.5.
[2026-08-23 13:36:55]   RESULT defense-teacher root_gate: 2/2 root gates pass
[2026-08-23 13:36:56] START stage 0 (anchors, both families, + the T11 gate battery)
[2026-08-23 13:37:17]   RESULT anchors rc=0 25/25 checks pass
[2026-08-23 13:37:26]   RESULT t11 gates rc=0 18/18 gates pass
[2026-08-23 13:37:26]     [PASS] G9a realized consolidation mixture matches its table
[2026-08-23 13:37:26]     [PASS] G9b the excluded cell is drawn exactly zero times
[2026-08-23 13:37:26]     [PASS] G9c the shipped mixture is unchanged by the variant
[2026-08-23 13:37:26] ---- stage 0 done ----
[2026-08-23 13:37:26] START stage 1 (7/7 re-mix: 75000000 steps, LR 1e-3, t11_mixture=3, two anchors)
[2026-08-23 13:37:26]   anchors: [{"name": "w1_acq", "data": "/Users/pete/space_training/models/t15/anchor_w1_dagger4.pt", "ckpt": "/Users/pete/space_training/models/t3/w1nav_child.pt", "lambda": 0.2, "lambda_end": 0.2, "decay_steps": 0, "minibatch": 4}, {"name": "tight_def", "data": "/Users/pete/space_training/models/t15/anchor_tight_k0.pt", "ckpt": "/Users/pete/space_training/models/t3/t13b_anchor_final.pt", "lambda": 0.02, "minibatch": 4}]
[2026-08-23 13:37:26]   trainer pid 55164
[2026-08-23 14:47:49]   TRIPWIRE tight @~25M: 80% (root 92.5%, floor 46%, 20 eps)
[2026-08-23 16:37:59]   final ckpt present; watchdog armed (900s)
[2026-08-23 16:48:00]   final entropy 0.623 (this run starts ~0.70 and held 0.70-0.72 over the 2M smoke; acquisition-LR reference ~1.62, ln 31 = 3.43)
[2026-08-23 16:48:00] ---- stage 1 done ----
[2026-08-23 16:48:00] START stage 2 (MID battery at ~50000000: converging hold vs slower seesaw)
[2026-08-23 16:48:00]   ckpt model_puffer_orbital_nav_000400.pt
[2026-08-23 16:52:58] RESULT mid_E0_j2: mid_E0_j2                  success 194/200 =  97.0%   md5 dc256778a28d   297s
[2026-08-23 16:52:58]   mid_E0_j2 causes: success=194, collision=1, safety_cap=5
[2026-08-23 16:52:58]   mid_E0_j2 FUEL AUDIT (successes): dv used 278.6 m/s vs direct ref 257.5 (efficiency 1.071x), budget 501.1 (58.0% of tank)
[2026-08-23 16:52:58]   mid_E0_j2 FUEL AUDIT (successes): dv used 278.6 m/s vs direct ref 257.5 (efficiency 1.071x), budget 501.1 (58.0% of tank)
[2026-08-23 16:52:58]   ^ E0_j2 baseline (tight child) was 97.0%
[2026-08-23 16:58:12] RESULT mid_E1_j2: mid_E1_j2                  success 197/200 =  98.5%   md5 946d80542bdd   313s
[2026-08-23 16:58:12]   mid_E1_j2 causes: success=197, safety_cap=3
[2026-08-23 16:58:12]   mid_E1_j2 FUEL AUDIT (successes): dv used 251.8 m/s vs direct ref 231.1 (efficiency 1.045x), budget 505.8 (48.9% of tank)
[2026-08-23 16:58:12]   mid_E1_j2 FUEL AUDIT (successes): dv used 251.8 m/s vs direct ref 231.1 (efficiency 1.045x), budget 505.8 (48.9% of tank)
[2026-08-23 16:58:12]   ^ E1_j2 baseline (tight child) was 96.5%
[2026-08-23 17:05:19] RESULT mid_E2_j2: mid_E2_j2                  success 198/200 =  99.0%   md5 f24f8c69c465   426s
[2026-08-23 17:05:19]   mid_E2_j2 causes: success=198, safety_cap=2
[2026-08-23 17:05:19]   mid_E2_j2 FUEL AUDIT (successes): dv used 263.0 m/s vs direct ref 241.4 (efficiency 1.042x), budget 505.2 (52.6% of tank)
[2026-08-23 17:05:19]   mid_E2_j2 FUEL AUDIT (successes): dv used 263.0 m/s vs direct ref 241.4 (efficiency 1.042x), budget 505.2 (52.6% of tank)
[2026-08-23 17:05:19]   ^ E2_j2 baseline (tight child) was 29.0%
[2026-08-23 17:18:24] RESULT mid_E3_j2: mid_E3_j2                  success 192/200 =  96.0%   md5 86de14bbbedd   784s
[2026-08-23 17:18:24]   mid_E3_j2 causes: success=192, safety_cap=8
[2026-08-23 17:18:24]   mid_E3_j2 FUEL AUDIT (successes): dv used 277.5 m/s vs direct ref 246.8 (efficiency 1.126x), budget 478.2 (59.0% of tank)
[2026-08-23 17:18:24]   mid_E3_j2 FUEL AUDIT (successes): dv used 277.5 m/s vs direct ref 246.8 (efficiency 1.126x), budget 478.2 (59.0% of tank)
[2026-08-23 17:18:24]   ^ E3_j2 baseline (tight child) was 6.5%
[2026-08-23 17:44:59] RESULT mid_W1_driftwait: mid_W1_driftwait           success 149/200 =  74.5%   md5 e576b2f43319   1593s
[2026-08-23 17:44:59]   mid_W1_driftwait causes: success=149, safety_cap=51
[2026-08-23 17:44:59]   mid_W1_driftwait FUEL AUDIT (successes): dv used 426.8 m/s vs direct ref 597.0 (efficiency 0.706x), budget 508.9 (87.4% of tank)
[2026-08-23 17:44:59]   mid_W1_driftwait FUEL AUDIT (successes): dv used 426.8 m/s vs direct ref 597.0 (efficiency 0.706x), budget 508.9 (87.4% of tank)
[2026-08-23 17:44:59]   ^ W1_driftwait baseline (tight child) was 0.0%
[2026-08-23 17:54:47] RESULT mid_TIGHT_5k1: mid_TIGHT_5k1              success 175/200 =  87.5%   md5 f57e9b54821e   588s
[2026-08-23 17:54:47]   mid_TIGHT_5k1 causes: success=175, collision=1, safety_cap=24
[2026-08-23 17:54:47]   mid_TIGHT_5k1 FUEL AUDIT (successes): dv used 315.4 m/s vs direct ref 254.8 (efficiency 1.224x), budget 504.9 (63.8% of tank)
[2026-08-23 17:54:47]   mid_TIGHT_5k1 FUEL AUDIT (successes): dv used 315.4 m/s vs direct ref 254.8 (efficiency 1.224x), budget 504.9 (63.8% of tank)
[2026-08-23 17:54:47]   ^ TIGHT_5k1 baseline (tight child) was 92.5%
[2026-08-23 18:01:36] RESULT mid_LONGRANGE: mid_LONGRANGE              success 198/200 =  99.0%   md5 0dd77f84b42c   408s
[2026-08-23 18:01:36]   mid_LONGRANGE causes: success=198, collision=1, safety_cap=1
[2026-08-23 18:01:36]   mid_LONGRANGE FUEL AUDIT (successes): dv used 263.0 m/s vs direct ref 252.5 (efficiency 1.015x), budget 499.5 (53.8% of tank)
[2026-08-23 18:01:36]   mid_LONGRANGE FUEL AUDIT (successes): dv used 263.0 m/s vs direct ref 252.5 (efficiency 1.015x), budget 499.5 (53.8% of tank)
[2026-08-23 18:01:36]   ^ LONGRANGE baseline (tight child) was 40.0%
[2026-08-23 18:01:36] ---- stage 2 done ----
[2026-08-23 18:01:36] START stage 3 (FINAL battery + tight fuel slices)
[2026-08-23 18:01:36]   ckpt model_puffer_orbital_nav_000573.pt
[2026-08-23 18:06:21] RESULT fin_E0_j2: fin_E0_j2                  success 194/200 =  97.0%   md5 cb4b2b383f66   285s
[2026-08-23 18:06:21]   fin_E0_j2 causes: success=194, collision=1, safety_cap=5
[2026-08-23 18:06:21]   fin_E0_j2 FUEL AUDIT (successes): dv used 276.4 m/s vs direct ref 256.5 (efficiency 1.068x), budget 498.0 (56.1% of tank)
[2026-08-23 18:06:21]   fin_E0_j2 FUEL AUDIT (successes): dv used 276.4 m/s vs direct ref 256.5 (efficiency 1.068x), budget 498.0 (56.1% of tank)
[2026-08-23 18:06:21]   ^ E0_j2 baseline (tight child) was 97.0%
[2026-08-23 18:11:28] RESULT fin_E1_j2: fin_E1_j2                  success 198/200 =  99.0%   md5 abaddab9e0b5   306s
[2026-08-23 18:11:28]   fin_E1_j2 causes: success=198, safety_cap=2
[2026-08-23 18:11:28]   fin_E1_j2 FUEL AUDIT (successes): dv used 255.4 m/s vs direct ref 231.1 (efficiency 1.031x), budget 503.4 (48.7% of tank)
[2026-08-23 18:11:28]   fin_E1_j2 FUEL AUDIT (successes): dv used 255.4 m/s vs direct ref 231.1 (efficiency 1.031x), budget 503.4 (48.7% of tank)
[2026-08-23 18:11:28]   ^ E1_j2 baseline (tight child) was 96.5%
[2026-08-23 18:18:04] RESULT fin_E2_j2: fin_E2_j2                  success 199/200 =  99.5%   md5 23338420634c   395s
[2026-08-23 18:18:04]   fin_E2_j2 causes: success=199, safety_cap=1
[2026-08-23 18:18:04]   fin_E2_j2 FUEL AUDIT (successes): dv used 265.7 m/s vs direct ref 242.3 (efficiency 1.049x), budget 505.1 (53.1% of tank)
[2026-08-23 18:18:04]   fin_E2_j2 FUEL AUDIT (successes): dv used 265.7 m/s vs direct ref 242.3 (efficiency 1.049x), budget 505.1 (53.1% of tank)
[2026-08-23 18:18:04]   ^ E2_j2 baseline (tight child) was 29.0%
[2026-08-23 18:29:59] RESULT fin_E3_j2: fin_E3_j2                  success 192/200 =  96.0%   md5 106779f1093d   714s
[2026-08-23 18:29:59]   fin_E3_j2 causes: success=192, safety_cap=8
[2026-08-23 18:29:59]   fin_E3_j2 FUEL AUDIT (successes): dv used 270.7 m/s vs direct ref 246.8 (efficiency 1.103x), budget 477.2 (59.0% of tank)
[2026-08-23 18:29:59]   fin_E3_j2 FUEL AUDIT (successes): dv used 270.7 m/s vs direct ref 246.8 (efficiency 1.103x), budget 477.2 (59.0% of tank)
[2026-08-23 18:29:59]   ^ E3_j2 baseline (tight child) was 6.5%
[2026-08-23 18:55:12] RESULT fin_W1_driftwait: fin_W1_driftwait           success 148/200 =  74.0%   md5 a4866ac415af   1513s
[2026-08-23 18:55:12]   fin_W1_driftwait causes: success=148, safety_cap=52
[2026-08-23 18:55:12]   fin_W1_driftwait FUEL AUDIT (successes): dv used 419.8 m/s vs direct ref 599.3 (efficiency 0.703x), budget 520.3 (87.8% of tank)
[2026-08-23 18:55:12]   fin_W1_driftwait FUEL AUDIT (successes): dv used 419.8 m/s vs direct ref 599.3 (efficiency 0.703x), budget 520.3 (87.8% of tank)
[2026-08-23 18:55:12]   ^ W1_driftwait baseline (tight child) was 0.0%
[2026-08-23 19:05:11] RESULT fin_TIGHT_5k1: fin_TIGHT_5k1              success 172/200 =  86.0%   md5 f0001963a94f   598s
[2026-08-23 19:05:11]   fin_TIGHT_5k1 causes: success=172, collision=1, safety_cap=27
[2026-08-23 19:05:11]   fin_TIGHT_5k1 FUEL AUDIT (successes): dv used 311.1 m/s vs direct ref 253.0 (efficiency 1.201x), budget 505.3 (62.4% of tank)
[2026-08-23 19:05:11]   fin_TIGHT_5k1 FUEL AUDIT (successes): dv used 311.1 m/s vs direct ref 253.0 (efficiency 1.201x), budget 505.3 (62.4% of tank)
[2026-08-23 19:05:11]   ^ TIGHT_5k1 baseline (tight child) was 92.5%
[2026-08-23 19:11:57] RESULT fin_LONGRANGE: fin_LONGRANGE              success 198/200 =  99.0%   md5 4038ae731b8a   405s
[2026-08-23 19:11:57]   fin_LONGRANGE causes: success=198, collision=1, safety_cap=1
[2026-08-23 19:11:57]   fin_LONGRANGE FUEL AUDIT (successes): dv used 261.1 m/s vs direct ref 252.5 (efficiency 1.013x), budget 499.5 (53.6% of tank)
[2026-08-23 19:11:57]   fin_LONGRANGE FUEL AUDIT (successes): dv used 261.1 m/s vs direct ref 252.5 (efficiency 1.013x), budget 499.5 (53.6% of tank)
[2026-08-23 19:11:57]   ^ LONGRANGE baseline (tight child) was 40.0%
[2026-08-23 19:21:20] RESULT fin_TIGHT_5k1_T: fin_TIGHT_5k1_T            success 185/200 =  92.5%   md5 17f9c8d60202   562s
[2026-08-23 19:21:20]   fin_TIGHT_5k1_T causes: success=185, collision=1, safety_cap=14
[2026-08-23 19:21:20]   fin_TIGHT_5k1_T FUEL AUDIT (successes): dv used 322.1 m/s vs direct ref 257.3 (efficiency 1.239x), budget 532.7 (60.5% of tank)
[2026-08-23 19:21:20]   fin_TIGHT_5k1_T FUEL AUDIT (successes): dv used 322.1 m/s vs direct ref 257.3 (efficiency 1.239x), budget 532.7 (60.5% of tank)
[2026-08-23 19:31:54] RESULT fin_tight_lean: fin_tight_lean             success 166/200 =  83.0%   md5 ec4abc6af0e1   633s
[2026-08-23 19:31:54]   fin_tight_lean causes: success=166, safety_cap=34
[2026-08-23 19:31:54]   fin_tight_lean FUEL AUDIT (successes): dv used 302.9 m/s vs direct ref 250.8 (efficiency 1.159x), budget 419.9 (72.1% of tank)
[2026-08-23 19:31:54]   fin_tight_lean FUEL AUDIT (successes): dv used 302.9 m/s vs direct ref 250.8 (efficiency 1.159x), budget 419.9 (72.1% of tank)
[2026-08-23 19:40:41] RESULT fin_tight_rich: fin_tight_rich             success 194/200 =  97.0%   md5 ef3dae72b581   526s
[2026-08-23 19:40:41]   fin_tight_rich causes: success=194, collision=1, safety_cap=5
[2026-08-23 19:40:41]   fin_tight_rich FUEL AUDIT (successes): dv used 340.8 m/s vs direct ref 258.1 (efficiency 1.314x), budget 656.5 (51.9% of tank)
[2026-08-23 19:40:41]   fin_tight_rich FUEL AUDIT (successes): dv used 340.8 m/s vs direct ref 258.1 (efficiency 1.314x), budget 656.5 (51.9% of tank)
[2026-08-23 19:40:43] RESULT fin_TIGHT_5k1_tr: fin_TIGHT_5k1_tr           success 165/200 =  82.5%   md5 7f74f48b3abd   1s
[2026-08-23 19:40:43]   fin_TIGHT_5k1_tr causes: success=165, safety_cap=35
[2026-08-23 19:40:43]   fin_TIGHT_5k1_tr FUEL AUDIT (successes): dv used 323.7 m/s vs direct ref 248.0 (efficiency 1.256x), budget 520.0 (67.5% of tank)
[2026-08-23 19:40:43]   fin_TIGHT_5k1_tr FUEL AUDIT (successes): dv used 323.7 m/s vs direct ref 248.0 (efficiency 1.256x), budget 520.0 (67.5% of tank)
[2026-08-23 19:40:44] RESULT fin_E3_j2_tr: fin_E3_j2_tr               success 188/200 =  94.0%   md5 4bc5324b2393   1s
[2026-08-23 19:40:44]   fin_E3_j2_tr causes: success=188, safety_cap=12
[2026-08-23 19:40:44]   fin_E3_j2_tr FUEL AUDIT (successes): dv used 285.4 m/s vs direct ref 244.4 (efficiency 1.132x), budget 480.2 (61.0% of tank)
[2026-08-23 19:40:44]   fin_E3_j2_tr FUEL AUDIT (successes): dv used 285.4 m/s vs direct ref 244.4 (efficiency 1.132x), budget 480.2 (61.0% of tank)
[2026-08-23 19:40:44]   ── VERDICT (read mid -> fin against the baseline row) ──
[2026-08-23 19:40:45]   tight  92.5 -> 88 (50M) -> 86 (100M)
[2026-08-23 19:40:45]   E2_j2  29.0 -> 99 (50M) -> 100 (100M)
[2026-08-23 19:40:45]   E3_j2   6.5 -> 96 (50M) -> 96 (100M)
[2026-08-23 19:40:45]   READ:
[2026-08-23 19:40:45]    - tight high at BOTH and wides climbing = CONSOLIDATION HOLDS; the
[2026-08-23 19:40:45]      seesaw was optimization, not capacity, and the write-up changes.
[2026-08-23 19:40:45]    - tight high at 50M, down at 100M = slower seesaw; LR bought time,
[2026-08-23 19:40:45]      not a fix.
[2026-08-23 19:40:45]    - wides FLAT at both (E3 still ~6.5) = LR too low to re-acquire;
[2026-08-23 19:40:45]      this is red-team (a), NOT a capacity result. Fallback T15E_LR=2e-3,
[2026-08-23 19:40:45]      then staged (T15E_LR2/T15E_LR_SWITCH).
[2026-08-23 19:40:45]    - anything 'held' while entropy sat under 0.45 is suspect (c).
[2026-08-23 19:40:45]    - W1 is expected 0.0: excluded from training BY DESIGN, evaluated
[2026-08-23 19:40:45]      anyway. It is not evidence about consolidation either way.
[2026-08-23 19:40:45] ---- stage 3 done ----
[2026-08-23 19:40:45] =========== t15e-dagger campaign COMPLETE ===========
