[2026-08-22 07:10:57] =========== T15 7/7 re-mix campaign start (pid 75283) ===========
[2026-08-22 07:10:57] QUESTION: can one 128-hidden policy hold ALL SEVEN skills — the six-pack
[2026-08-22 07:10:57]           plus drift-and-wait acquired IN-MIXTURE via a kickstart anchor?
[2026-08-22 07:10:57] root:     t13b_anchor_final.pt  (six skills intact; W1 is the one bootstrap)
[2026-08-22 07:10:57] mixture:  t11_mixture=3 — measured step-share weights: W1 .614 TIGHT .286 wides .10
[2026-08-22 07:10:57] anchors:  ACQ w1_acq lambda 0.05->0.01 over 30000000 (teacher w1nav_child, W1 states)
[2026-08-22 07:10:57]           DEF tight_def lambda 0.02 constant (teacher = the root itself, TIGHT states)
[2026-08-22 07:10:57] LR:       1e-3 (annealed)   ent_coef 0.01, NO l2_init
[2026-08-22 07:10:57] steps:    150000000, mid battery at ~50000000   nav_max_ticks 0  filter c
[2026-08-22 07:10:57] W1:       IN TRAINING for the first time in this family — honest signal (K=0),
[2026-08-22 07:10:57]           full-eps eval rows (the 20-ep abbreviation applies only where excluded)
[2026-08-22 07:10:57] baseline: root battery E0 99.0 E1 99.5 E2 98.5 E3 94.5 LONGRANGE 100.0 TIGHT 90.5 W1 0.0
[2026-08-22 07:10:57] STATE:    all rows MEAN-ELEMENT claims under J2; rel slip 83 m / 0.094 m/s per orbit at 5 km
[2026-08-22 07:10:57] stages requested: 0,1,2,3   seed 42
[2026-08-22 07:10:57] START stage 0 (anchors, both families, + the T11 gate battery)
[2026-08-22 07:11:15]   RESULT anchors rc=0 25/25 checks pass
[2026-08-22 07:11:23]   RESULT t11 gates rc=0 18/18 gates pass
[2026-08-22 07:11:23]     [PASS] G9a realized consolidation mixture matches its table
[2026-08-22 07:11:23]     [PASS] G9b the excluded cell is drawn exactly zero times
[2026-08-22 07:11:23]     [PASS] G9c the shipped mixture is unchanged by the variant
[2026-08-22 07:11:23] ---- stage 0 done ----
[2026-08-22 07:11:23] START stage 1 (7/7 re-mix: 150000000 steps, LR 1e-3, t11_mixture=3, two anchors)
[2026-08-22 07:11:23]   anchors: [{"name": "w1_acq", "data": "/Users/pete/space_training/models/t15/anchor_w1_k0.pt", "ckpt": "/Users/pete/space_training/models/t3/w1nav_child.pt", "lambda": 0.05, "lambda_end": 0.01, "decay_steps": 30000000, "minibatch": 4}, {"name": "tight_def", "data": "/Users/pete/space_training/models/t15/anchor_tight_k0.pt", "ckpt": "/Users/pete/space_training/models/t3/t13b_anchor_final.pt", "lambda": 0.02, "minibatch": 4}]
[2026-08-22 07:11:23]   trainer pid 75400
[2026-08-22 07:57:32]   TRIPWIRE tight @~25M: 75% (root 92.5%, floor 46%, 20 eps)
[2026-08-22 11:50:00]   final ckpt present; watchdog armed (900s)
[2026-08-22 11:58:02]   final entropy 0.613 (this run starts ~0.70 and held 0.70-0.72 over the 2M smoke; acquisition-LR reference ~1.62, ln 31 = 3.43)
[2026-08-22 11:58:02] ---- stage 1 done ----
[2026-08-22 11:58:02] START stage 2 (MID battery at ~50000000: converging hold vs slower seesaw)
[2026-08-22 11:58:02]   ckpt model_puffer_orbital_nav_000400.pt
[2026-08-22 12:02:45] RESULT mid_E0_j2: mid_E0_j2                  success 194/200 =  97.0%   md5 d568b1d95a74   282s
[2026-08-22 12:02:45]   mid_E0_j2 causes: success=194, collision=1, safety_cap=5
[2026-08-22 12:02:45]   mid_E0_j2 FUEL AUDIT (successes): dv used 286.1 m/s vs direct ref 256.5 (efficiency 1.107x), budget 503.9 (58.9% of tank)
[2026-08-22 12:02:45]   mid_E0_j2 FUEL AUDIT (successes): dv used 286.1 m/s vs direct ref 256.5 (efficiency 1.107x), budget 503.9 (58.9% of tank)
[2026-08-22 12:02:45]   ^ E0_j2 baseline (tight child) was 97.0%
[2026-08-22 12:07:43] RESULT mid_E1_j2: mid_E1_j2                  success 198/200 =  99.0%   md5 49f6188d5043   298s
[2026-08-22 12:07:43]   mid_E1_j2 causes: success=198, safety_cap=2
[2026-08-22 12:07:44]   mid_E1_j2 FUEL AUDIT (successes): dv used 251.1 m/s vs direct ref 232.5 (efficiency 1.069x), budget 500.5 (50.8% of tank)
[2026-08-22 12:07:44]   mid_E1_j2 FUEL AUDIT (successes): dv used 251.1 m/s vs direct ref 232.5 (efficiency 1.069x), budget 500.5 (50.8% of tank)
[2026-08-22 12:07:44]   ^ E1_j2 baseline (tight child) was 96.5%
[2026-08-22 12:14:15] RESULT mid_E2_j2: mid_E2_j2                  success 199/200 =  99.5%   md5 d06378531793   391s
[2026-08-22 12:14:15]   mid_E2_j2 causes: success=199, safety_cap=1
[2026-08-22 12:14:15]   mid_E2_j2 FUEL AUDIT (successes): dv used 260.4 m/s vs direct ref 242.3 (efficiency 1.045x), budget 505.1 (52.0% of tank)
[2026-08-22 12:14:15]   mid_E2_j2 FUEL AUDIT (successes): dv used 260.4 m/s vs direct ref 242.3 (efficiency 1.045x), budget 505.1 (52.0% of tank)
[2026-08-22 12:14:15]   ^ E2_j2 baseline (tight child) was 29.0%
[2026-08-22 12:26:34] RESULT mid_E3_j2: mid_E3_j2                  success 189/200 =  94.5%   md5 8c57c09358b8   738s
[2026-08-22 12:26:34]   mid_E3_j2 causes: success=189, safety_cap=11
[2026-08-22 12:26:34]   mid_E3_j2 FUEL AUDIT (successes): dv used 282.0 m/s vs direct ref 248.3 (efficiency 1.131x), budget 482.1 (60.0% of tank)
[2026-08-22 12:26:34]   mid_E3_j2 FUEL AUDIT (successes): dv used 282.0 m/s vs direct ref 248.3 (efficiency 1.131x), budget 482.1 (60.0% of tank)
[2026-08-22 12:26:34]   ^ E3_j2 baseline (tight child) was 6.5%
[2026-08-22 13:20:51] RESULT mid_W1_driftwait: mid_W1_driftwait           success 68/200 =  34.0%   md5 fc898104bc84   3256s
[2026-08-22 13:20:51]   mid_W1_driftwait causes: success=68, collision=1, safety_cap=130, stranded=1
[2026-08-22 13:20:51]   mid_W1_driftwait FUEL AUDIT (successes): dv used 437.7 m/s vs direct ref 567.3 (efficiency 0.787x), budget 532.8 (88.1% of tank)
[2026-08-22 13:20:51]   mid_W1_driftwait FUEL AUDIT (successes): dv used 437.7 m/s vs direct ref 567.3 (efficiency 0.787x), budget 532.8 (88.1% of tank)
[2026-08-22 13:20:51]   ^ W1_driftwait baseline (tight child) was 0.0%
[2026-08-22 13:29:57] RESULT mid_TIGHT_5k1: mid_TIGHT_5k1              success 177/200 =  88.5%   md5 9a8681d7c31f   545s
[2026-08-22 13:29:57]   mid_TIGHT_5k1 causes: success=177, safety_cap=23
[2026-08-22 13:29:57]   mid_TIGHT_5k1 FUEL AUDIT (successes): dv used 320.8 m/s vs direct ref 253.6 (efficiency 1.269x), budget 508.9 (66.1% of tank)
[2026-08-22 13:29:57]   mid_TIGHT_5k1 FUEL AUDIT (successes): dv used 320.8 m/s vs direct ref 253.6 (efficiency 1.269x), budget 508.9 (66.1% of tank)
[2026-08-22 13:29:57]   ^ TIGHT_5k1 baseline (tight child) was 92.5%
[2026-08-22 13:36:22] RESULT mid_LONGRANGE: mid_LONGRANGE              success 200/200 = 100.0%   md5 2fb158cff266   384s
[2026-08-22 13:36:22]   mid_LONGRANGE causes: success=200
[2026-08-22 13:36:22]   mid_LONGRANGE FUEL AUDIT (successes): dv used 265.2 m/s vs direct ref 252.5 (efficiency 1.072x), budget 499.5 (55.1% of tank)
[2026-08-22 13:36:22]   mid_LONGRANGE FUEL AUDIT (successes): dv used 265.2 m/s vs direct ref 252.5 (efficiency 1.072x), budget 499.5 (55.1% of tank)
[2026-08-22 13:36:22]   ^ LONGRANGE baseline (tight child) was 40.0%
[2026-08-22 13:36:22] ---- stage 2 done ----
[2026-08-22 13:36:22] START stage 3 (FINAL battery + tight fuel slices)
[2026-08-22 13:36:22]   ckpt model_puffer_orbital_nav_001145.pt
[2026-08-22 13:40:58] RESULT fin_E0_j2: fin_E0_j2                  success 198/200 =  99.0%   md5 413309df1132   275s
[2026-08-22 13:40:58]   fin_E0_j2 causes: success=198, safety_cap=2
[2026-08-22 13:40:58]   fin_E0_j2 FUEL AUDIT (successes): dv used 281.4 m/s vs direct ref 257.8 (efficiency 1.067x), budget 501.1 (57.4% of tank)
[2026-08-22 13:40:58]   fin_E0_j2 FUEL AUDIT (successes): dv used 281.4 m/s vs direct ref 257.8 (efficiency 1.067x), budget 501.1 (57.4% of tank)
[2026-08-22 13:40:58]   ^ E0_j2 baseline (tight child) was 97.0%
[2026-08-22 13:45:48] RESULT fin_E1_j2: fin_E1_j2                  success 199/200 =  99.5%   md5 10f1b06ef09f   289s
[2026-08-22 13:45:48]   fin_E1_j2 causes: success=199, safety_cap=1
[2026-08-22 13:45:48]   fin_E1_j2 FUEL AUDIT (successes): dv used 247.1 m/s vs direct ref 232.0 (efficiency 1.064x), budget 501.1 (49.9% of tank)
[2026-08-22 13:45:48]   fin_E1_j2 FUEL AUDIT (successes): dv used 247.1 m/s vs direct ref 232.0 (efficiency 1.064x), budget 501.1 (49.9% of tank)
[2026-08-22 13:45:48]   ^ E1_j2 baseline (tight child) was 96.5%
[2026-08-22 13:52:11] RESULT fin_E2_j2: fin_E2_j2                  success 197/200 =  98.5%   md5 a296372914bc   382s
[2026-08-22 13:52:11]   fin_E2_j2 causes: success=197, safety_cap=3
[2026-08-22 13:52:11]   fin_E2_j2 FUEL AUDIT (successes): dv used 260.4 m/s vs direct ref 242.3 (efficiency 1.041x), budget 505.1 (52.8% of tank)
[2026-08-22 13:52:11]   fin_E2_j2 FUEL AUDIT (successes): dv used 260.4 m/s vs direct ref 242.3 (efficiency 1.041x), budget 505.1 (52.8% of tank)
[2026-08-22 13:52:11]   ^ E2_j2 baseline (tight child) was 29.0%
[2026-08-22 14:04:09] RESULT fin_E3_j2: fin_E3_j2                  success 191/200 =  95.5%   md5 ace5e9ea12e9   717s
[2026-08-22 14:04:09]   fin_E3_j2 causes: success=191, safety_cap=9
[2026-08-22 14:04:09]   fin_E3_j2 FUEL AUDIT (successes): dv used 285.4 m/s vs direct ref 245.5 (efficiency 1.150x), budget 477.5 (59.0% of tank)
[2026-08-22 14:04:09]   fin_E3_j2 FUEL AUDIT (successes): dv used 285.4 m/s vs direct ref 245.5 (efficiency 1.150x), budget 477.5 (59.0% of tank)
[2026-08-22 14:04:09]   ^ E3_j2 baseline (tight child) was 6.5%
[2026-08-22 14:48:38] RESULT fin_W1_driftwait: fin_W1_driftwait           success 63/200 =  31.5%   md5 32f71dc17a05   2668s
[2026-08-22 14:48:38]   fin_W1_driftwait causes: success=63, collision=1, safety_cap=136
[2026-08-22 14:48:38]   fin_W1_driftwait FUEL AUDIT (successes): dv used 438.2 m/s vs direct ref 565.0 (efficiency 0.762x), budget 533.9 (87.8% of tank)
[2026-08-22 14:48:38]   fin_W1_driftwait FUEL AUDIT (successes): dv used 438.2 m/s vs direct ref 565.0 (efficiency 0.762x), budget 533.9 (87.8% of tank)
[2026-08-22 14:48:38]   ^ W1_driftwait baseline (tight child) was 0.0%
[2026-08-22 14:58:20] RESULT fin_TIGHT_5k1: fin_TIGHT_5k1              success 171/200 =  85.5%   md5 597d22ee54e3   582s
[2026-08-22 14:58:20]   fin_TIGHT_5k1 causes: success=171, safety_cap=29
[2026-08-22 14:58:20]   fin_TIGHT_5k1 FUEL AUDIT (successes): dv used 316.4 m/s vs direct ref 254.8 (efficiency 1.247x), budget 510.5 (64.0% of tank)
[2026-08-22 14:58:20]   fin_TIGHT_5k1 FUEL AUDIT (successes): dv used 316.4 m/s vs direct ref 254.8 (efficiency 1.247x), budget 510.5 (64.0% of tank)
[2026-08-22 14:58:20]   ^ TIGHT_5k1 baseline (tight child) was 92.5%
[2026-08-22 15:04:18] RESULT fin_LONGRANGE: fin_LONGRANGE              success 199/200 =  99.5%   md5 1089a0e82d08   357s
[2026-08-22 15:04:18]   fin_LONGRANGE causes: success=199, collision=1
[2026-08-22 15:04:18]   fin_LONGRANGE FUEL AUDIT (successes): dv used 265.4 m/s vs direct ref 252.5 (efficiency 1.029x), budget 499.5 (54.7% of tank)
[2026-08-22 15:04:18]   fin_LONGRANGE FUEL AUDIT (successes): dv used 265.4 m/s vs direct ref 252.5 (efficiency 1.029x), budget 499.5 (54.7% of tank)
[2026-08-22 15:04:18]   ^ LONGRANGE baseline (tight child) was 40.0%
[2026-08-22 15:13:04] RESULT fin_TIGHT_5k1_T: fin_TIGHT_5k1_T            success 191/200 =  95.5%   md5 f27dd9e58529   525s
[2026-08-22 15:13:04]   fin_TIGHT_5k1_T causes: success=191, safety_cap=9
[2026-08-22 15:13:04]   fin_TIGHT_5k1_T FUEL AUDIT (successes): dv used 323.7 m/s vs direct ref 257.7 (efficiency 1.230x), budget 534.7 (61.5% of tank)
[2026-08-22 15:13:04]   fin_TIGHT_5k1_T FUEL AUDIT (successes): dv used 323.7 m/s vs direct ref 257.7 (efficiency 1.230x), budget 534.7 (61.5% of tank)
[2026-08-22 15:23:09] RESULT fin_tight_lean: fin_tight_lean             success 166/200 =  83.0%   md5 9163eeb08196   604s
[2026-08-22 15:23:09]   fin_tight_lean causes: success=166, safety_cap=34
[2026-08-22 15:23:09]   fin_tight_lean FUEL AUDIT (successes): dv used 305.7 m/s vs direct ref 247.5 (efficiency 1.207x), budget 419.9 (72.8% of tank)
[2026-08-22 15:23:09]   fin_tight_lean FUEL AUDIT (successes): dv used 305.7 m/s vs direct ref 247.5 (efficiency 1.207x), budget 419.9 (72.8% of tank)
[2026-08-22 15:31:34] RESULT fin_tight_rich: fin_tight_rich             success 195/200 =  97.5%   md5 173cd35991ed   504s
[2026-08-22 15:31:34]   fin_tight_rich causes: success=195, safety_cap=5
[2026-08-22 15:31:34]   fin_tight_rich FUEL AUDIT (successes): dv used 356.4 m/s vs direct ref 258.6 (efficiency 1.347x), budget 656.5 (54.3% of tank)
[2026-08-22 15:31:34]   fin_tight_rich FUEL AUDIT (successes): dv used 356.4 m/s vs direct ref 258.6 (efficiency 1.347x), budget 656.5 (54.3% of tank)
[2026-08-22 15:31:36] RESULT fin_TIGHT_5k1_tr: fin_TIGHT_5k1_tr           success 161/200 =  80.5%   md5 b7dc6168a9e5   1s
[2026-08-22 15:31:36]   fin_TIGHT_5k1_tr causes: success=161, safety_cap=39
[2026-08-22 15:31:36]   fin_TIGHT_5k1_tr FUEL AUDIT (successes): dv used 329.4 m/s vs direct ref 246.9 (efficiency 1.279x), budget 510.5 (69.7% of tank)
[2026-08-22 15:31:36]   fin_TIGHT_5k1_tr FUEL AUDIT (successes): dv used 329.4 m/s vs direct ref 246.9 (efficiency 1.279x), budget 510.5 (69.7% of tank)
[2026-08-22 15:31:38] RESULT fin_E3_j2_tr: fin_E3_j2_tr               success 184/200 =  92.0%   md5 89887b1d1951   1s
[2026-08-22 15:31:38]   fin_E3_j2_tr causes: success=184, safety_cap=16
[2026-08-22 15:31:38]   fin_E3_j2_tr FUEL AUDIT (successes): dv used 288.5 m/s vs direct ref 245.7 (efficiency 1.157x), budget 486.7 (59.9% of tank)
[2026-08-22 15:31:38]   fin_E3_j2_tr FUEL AUDIT (successes): dv used 288.5 m/s vs direct ref 245.7 (efficiency 1.157x), budget 486.7 (59.9% of tank)
[2026-08-22 15:31:38]   ── VERDICT (read mid -> fin against the baseline row) ──
[2026-08-22 15:31:38]   tight  92.5 -> 88 (50M) -> 86 (100M)
[2026-08-22 15:31:38]   E2_j2  29.0 -> 100 (50M) -> 98 (100M)
[2026-08-22 15:31:38]   E3_j2   6.5 -> 94 (50M) -> 96 (100M)
[2026-08-22 15:31:38]   READ:
[2026-08-22 15:31:38]    - tight high at BOTH and wides climbing = CONSOLIDATION HOLDS; the
[2026-08-22 15:31:38]      seesaw was optimization, not capacity, and the write-up changes.
[2026-08-22 15:31:38]    - tight high at 50M, down at 100M = slower seesaw; LR bought time,
[2026-08-22 15:31:38]      not a fix.
[2026-08-22 15:31:38]    - wides FLAT at both (E3 still ~6.5) = LR too low to re-acquire;
[2026-08-22 15:31:38]      this is red-team (a), NOT a capacity result. Fallback T15_LR=2e-3,
[2026-08-22 15:31:38]      then staged (T15_LR2/T15_LR_SWITCH).
[2026-08-22 15:31:38]    - anything 'held' while entropy sat under 0.45 is suspect (c).
[2026-08-22 15:31:38]    - W1 is expected 0.0: excluded from training BY DESIGN, evaluated
[2026-08-22 15:31:38]      anyway. It is not evidence about consolidation either way.
[2026-08-22 15:31:38] ---- stage 3 done ----
[2026-08-22 15:31:38] =========== t15-remix campaign COMPLETE ===========
