[2026-08-22 23:31:35] =========== T15c DAgger iteration-2 campaign start (pid 74356) ===========
[2026-08-22 23:31:35] QUESTION: iteration 2. Available correction HALVED (CE 1.636->0.976), so
[2026-08-22 23:31:35]           the expected buy is ~+8pp not +13.5 — the curve is bending.
[2026-08-22 23:31:35] root:     t15b_dagger_final.pt  (all seven present; W1 31.5, TIGHT 85.5)
[2026-08-22 23:31:35] mixture:  t11_mixture=4 — step share RE-SOLVED at the new root:
[2026-08-22 23:31:35]           W1 45.9%  TIGHT 34.3%  wides 19.7% (W1 dec/ep 177->307: failures lengthened)
[2026-08-22 23:31:35] anchors:  ACQ w1_acq lambda 0.20->0.20 over 0 (teacher w1nav_child, W1 states)
[2026-08-22 23:31:35]           DEF tight_def lambda 0.02 constant (teacher = the root itself, TIGHT states)
[2026-08-22 23:31:35] LR:       1e-3 (annealed)   ent_coef 0.01, NO l2_init
[2026-08-22 23:31:35] steps:    75000000, mid battery at ~50000000   nav_max_ticks 0  filter c
[2026-08-22 23:31:35] W1:       anchor set is AGGREGATED (900 teacher-visited + 900 student-visited),
[2026-08-22 23:31:35]           teacher still competent (H 0.78 vs flat 3.43) but CE halved to 0.976
[2026-08-22 23:31:35] baseline: root battery wides 94-99, TIGHT 86.0, W1 45.0 (iter-1 bought +13.5)
[2026-08-22 23:31:35] STATE:    all rows MEAN-ELEMENT claims under J2; rel slip 83 m / 0.094 m/s per orbit at 5 km
[2026-08-22 23:31:35] stages requested: 0,1,2,3   seed 42
[2026-08-22 23:31:35]   NOTE defense teacher != root BY DESIGN — anchoring TIGHT to the
[2026-08-22 23:31:35]        better behaviour (t13b 95.0) rather than the root's 85.5.
[2026-08-22 23:31:56]   RESULT defense-teacher root_gate: 2/2 root gates pass
[2026-08-22 23:31:57] START stage 0 (anchors, both families, + the T11 gate battery)
[2026-08-22 23:32:16]   RESULT anchors rc=0 25/25 checks pass
[2026-08-22 23:32:24]   RESULT t11 gates rc=0 18/18 gates pass
[2026-08-22 23:32:24]     [PASS] G9a realized consolidation mixture matches its table
[2026-08-22 23:32:24]     [PASS] G9b the excluded cell is drawn exactly zero times
[2026-08-22 23:32:24]     [PASS] G9c the shipped mixture is unchanged by the variant
[2026-08-22 23:32:24] ---- stage 0 done ----
[2026-08-22 23:32:24] START stage 1 (7/7 re-mix: 75000000 steps, LR 1e-3, t11_mixture=3, two anchors)
[2026-08-22 23:32:25]   anchors: [{"name": "w1_acq", "data": "/Users/pete/space_training/models/t15/anchor_w1_dagger2.pt", "ckpt": "/Users/pete/space_training/models/t3/w1nav_child.pt", "lambda": 0.2, "lambda_end": 0.2, "decay_steps": 0, "minibatch": 4}, {"name": "tight_def", "data": "/Users/pete/space_training/models/t15/anchor_tight_k0.pt", "ckpt": "/Users/pete/space_training/models/t3/t13b_anchor_final.pt", "lambda": 0.02, "minibatch": 4}]
[2026-08-22 23:32:25]   trainer pid 74519
[2026-08-23 00:37:47]   TRIPWIRE tight @~25M: 65% (root 92.5%, floor 46%, 20 eps)
[2026-08-23 02:29:56]   final ckpt present; watchdog armed (900s)
[2026-08-23 02:39:57]   final entropy 0.669 (this run starts ~0.70 and held 0.70-0.72 over the 2M smoke; acquisition-LR reference ~1.62, ln 31 = 3.43)
[2026-08-23 02:39:57] ---- stage 1 done ----
[2026-08-23 02:39:57] START stage 2 (MID battery at ~50000000: converging hold vs slower seesaw)
[2026-08-23 02:39:57]   ckpt model_puffer_orbital_nav_000400.pt
[2026-08-23 02:44:45] RESULT mid_E0_j2: mid_E0_j2                  success 195/200 =  97.5%   md5 e71ba844d3f7   287s
[2026-08-23 02:44:45]   mid_E0_j2 causes: success=195, collision=1, safety_cap=4
[2026-08-23 02:44:45]   mid_E0_j2 FUEL AUDIT (successes): dv used 286.4 m/s vs direct ref 257.3 (efficiency 1.077x), budget 502.9 (58.5% of tank)
[2026-08-23 02:44:45]   mid_E0_j2 FUEL AUDIT (successes): dv used 286.4 m/s vs direct ref 257.3 (efficiency 1.077x), budget 502.9 (58.5% of tank)
[2026-08-23 02:44:45]   ^ E0_j2 baseline (tight child) was 97.0%
[2026-08-23 02:49:54] RESULT mid_E1_j2: mid_E1_j2                  success 194/200 =  97.0%   md5 2ec4b4b7f73e   309s
[2026-08-23 02:49:54]   mid_E1_j2 causes: success=194, safety_cap=6
[2026-08-23 02:49:54]   mid_E1_j2 FUEL AUDIT (successes): dv used 260.4 m/s vs direct ref 231.1 (efficiency 1.076x), budget 506.3 (51.1% of tank)
[2026-08-23 02:49:54]   mid_E1_j2 FUEL AUDIT (successes): dv used 260.4 m/s vs direct ref 231.1 (efficiency 1.076x), budget 506.3 (51.1% of tank)
[2026-08-23 02:49:54]   ^ E1_j2 baseline (tight child) was 96.5%
[2026-08-23 02:56:32] RESULT mid_E2_j2: mid_E2_j2                  success 200/200 = 100.0%   md5 a072f8085b28   397s
[2026-08-23 02:56:32]   mid_E2_j2 causes: success=200
[2026-08-23 02:56:32]   mid_E2_j2 FUEL AUDIT (successes): dv used 266.6 m/s vs direct ref 241.4 (efficiency 1.076x), budget 504.4 (54.1% of tank)
[2026-08-23 02:56:32]   mid_E2_j2 FUEL AUDIT (successes): dv used 266.6 m/s vs direct ref 241.4 (efficiency 1.076x), budget 504.4 (54.1% of tank)
[2026-08-23 02:56:32]   ^ E2_j2 baseline (tight child) was 29.0%
[2026-08-23 03:08:37] RESULT mid_E3_j2: mid_E3_j2                  success 191/200 =  95.5%   md5 ce03de887da6   725s
[2026-08-23 03:08:37]   mid_E3_j2 causes: success=191, safety_cap=9
[2026-08-23 03:08:37]   mid_E3_j2 FUEL AUDIT (successes): dv used 285.7 m/s vs direct ref 247.5 (efficiency 1.128x), budget 478.8 (59.3% of tank)
[2026-08-23 03:08:37]   mid_E3_j2 FUEL AUDIT (successes): dv used 285.7 m/s vs direct ref 247.5 (efficiency 1.128x), budget 478.8 (59.3% of tank)
[2026-08-23 03:08:37]   ^ E3_j2 baseline (tight child) was 6.5%
[2026-08-23 03:48:29] RESULT mid_W1_driftwait: mid_W1_driftwait           success 116/200 =  58.0%   md5 580b68ec6a9e   2391s
[2026-08-23 03:48:29]   mid_W1_driftwait causes: success=116, safety_cap=84
[2026-08-23 03:48:29]   mid_W1_driftwait FUEL AUDIT (successes): dv used 409.5 m/s vs direct ref 581.2 (efficiency 0.736x), budget 520.3 (86.9% of tank)
[2026-08-23 03:48:29]   mid_W1_driftwait FUEL AUDIT (successes): dv used 409.5 m/s vs direct ref 581.2 (efficiency 0.736x), budget 520.3 (86.9% of tank)
[2026-08-23 03:48:29]   ^ W1_driftwait baseline (tight child) was 0.0%
[2026-08-23 03:58:41] RESULT mid_TIGHT_5k1: mid_TIGHT_5k1              success 166/200 =  83.0%   md5 335fd2f15395   611s
[2026-08-23 03:58:41]   mid_TIGHT_5k1 causes: success=166, collision=1, safety_cap=33
[2026-08-23 03:58:41]   mid_TIGHT_5k1 FUEL AUDIT (successes): dv used 314.4 m/s vs direct ref 245.6 (efficiency 1.237x), budget 518.8 (62.7% of tank)
[2026-08-23 03:58:41]   mid_TIGHT_5k1 FUEL AUDIT (successes): dv used 314.4 m/s vs direct ref 245.6 (efficiency 1.237x), budget 518.8 (62.7% of tank)
[2026-08-23 03:58:41]   ^ TIGHT_5k1 baseline (tight child) was 92.5%
[2026-08-23 04:05:52] RESULT mid_LONGRANGE: mid_LONGRANGE              success 197/200 =  98.5%   md5 ddcb62338aa7   430s
[2026-08-23 04:05:52]   mid_LONGRANGE causes: success=197, safety_cap=3
[2026-08-23 04:05:52]   mid_LONGRANGE FUEL AUDIT (successes): dv used 266.1 m/s vs direct ref 252.4 (efficiency 1.051x), budget 499.5 (54.6% of tank)
[2026-08-23 04:05:52]   mid_LONGRANGE FUEL AUDIT (successes): dv used 266.1 m/s vs direct ref 252.4 (efficiency 1.051x), budget 499.5 (54.6% of tank)
[2026-08-23 04:05:52]   ^ LONGRANGE baseline (tight child) was 40.0%
[2026-08-23 04:05:52] ---- stage 2 done ----
[2026-08-23 04:05:52] START stage 3 (FINAL battery + tight fuel slices)
[2026-08-23 04:05:52]   ckpt model_puffer_orbital_nav_000573.pt
[2026-08-23 04:10:46] RESULT fin_E0_j2: fin_E0_j2                  success 195/200 =  97.5%   md5 c36a01a02b91   293s
[2026-08-23 04:10:46]   fin_E0_j2 causes: success=195, collision=1, safety_cap=4
[2026-08-23 04:10:46]   fin_E0_j2 FUEL AUDIT (successes): dv used 281.1 m/s vs direct ref 257.7 (efficiency 1.058x), budget 499.3 (58.3% of tank)
[2026-08-23 04:10:46]   fin_E0_j2 FUEL AUDIT (successes): dv used 281.1 m/s vs direct ref 257.7 (efficiency 1.058x), budget 499.3 (58.3% of tank)
[2026-08-23 04:10:46]   ^ E0_j2 baseline (tight child) was 97.0%
[2026-08-23 04:15:47] RESULT fin_E1_j2: fin_E1_j2                  success 195/200 =  97.5%   md5 6dd8f74e6ced   301s
[2026-08-23 04:15:47]   fin_E1_j2 causes: success=195, safety_cap=5
[2026-08-23 04:15:47]   fin_E1_j2 FUEL AUDIT (successes): dv used 255.7 m/s vs direct ref 231.0 (efficiency 1.076x), budget 506.3 (52.4% of tank)
[2026-08-23 04:15:47]   fin_E1_j2 FUEL AUDIT (successes): dv used 255.7 m/s vs direct ref 231.0 (efficiency 1.076x), budget 506.3 (52.4% of tank)
[2026-08-23 04:15:47]   ^ E1_j2 baseline (tight child) was 96.5%
[2026-08-23 04:22:41] RESULT fin_E2_j2: fin_E2_j2                  success 198/200 =  99.0%   md5 152e802df601   413s
[2026-08-23 04:22:41]   fin_E2_j2 causes: success=198, safety_cap=2
[2026-08-23 04:22:41]   fin_E2_j2 FUEL AUDIT (successes): dv used 270.2 m/s vs direct ref 241.4 (efficiency 1.081x), budget 504.4 (54.2% of tank)
[2026-08-23 04:22:41]   fin_E2_j2 FUEL AUDIT (successes): dv used 270.2 m/s vs direct ref 241.4 (efficiency 1.081x), budget 504.4 (54.2% of tank)
[2026-08-23 04:22:41]   ^ E2_j2 baseline (tight child) was 29.0%
[2026-08-23 04:34:37] RESULT fin_E3_j2: fin_E3_j2                  success 190/200 =  95.0%   md5 71c9d4ba5329   714s
[2026-08-23 04:34:37]   fin_E3_j2 causes: success=190, safety_cap=10
[2026-08-23 04:34:37]   fin_E3_j2 FUEL AUDIT (successes): dv used 282.7 m/s vs direct ref 245.7 (efficiency 1.114x), budget 480.2 (59.8% of tank)
[2026-08-23 04:34:37]   fin_E3_j2 FUEL AUDIT (successes): dv used 282.7 m/s vs direct ref 245.7 (efficiency 1.114x), budget 480.2 (59.8% of tank)
[2026-08-23 04:34:37]   ^ E3_j2 baseline (tight child) was 6.5%
[2026-08-23 05:12:19] RESULT fin_W1_driftwait: fin_W1_driftwait           success 118/200 =  59.0%   md5 0503d49cded3   2262s
[2026-08-23 05:12:19]   fin_W1_driftwait causes: success=118, safety_cap=81, stranded=1
[2026-08-23 05:12:19]   fin_W1_driftwait FUEL AUDIT (successes): dv used 403.7 m/s vs direct ref 585.8 (efficiency 0.730x), budget 515.4 (86.5% of tank)
[2026-08-23 05:12:19]   fin_W1_driftwait FUEL AUDIT (successes): dv used 403.7 m/s vs direct ref 585.8 (efficiency 0.730x), budget 515.4 (86.5% of tank)
[2026-08-23 05:12:19]   ^ W1_driftwait baseline (tight child) was 0.0%
[2026-08-23 05:22:13] RESULT fin_TIGHT_5k1: fin_TIGHT_5k1              success 169/200 =  84.5%   md5 a6247afdb182   593s
[2026-08-23 05:22:13]   fin_TIGHT_5k1 causes: success=169, collision=1, safety_cap=30
[2026-08-23 05:22:13]   fin_TIGHT_5k1 FUEL AUDIT (successes): dv used 320.4 m/s vs direct ref 251.8 (efficiency 1.244x), budget 509.9 (63.8% of tank)
[2026-08-23 05:22:13]   fin_TIGHT_5k1 FUEL AUDIT (successes): dv used 320.4 m/s vs direct ref 251.8 (efficiency 1.244x), budget 509.9 (63.8% of tank)
[2026-08-23 05:22:13]   ^ TIGHT_5k1 baseline (tight child) was 92.5%
[2026-08-23 05:28:46] RESULT fin_LONGRANGE: fin_LONGRANGE              success 199/200 =  99.5%   md5 fa8435afa9ca   392s
[2026-08-23 05:28:46]   fin_LONGRANGE causes: success=199, collision=1
[2026-08-23 05:28:46]   fin_LONGRANGE FUEL AUDIT (successes): dv used 265.7 m/s vs direct ref 252.5 (efficiency 1.043x), budget 499.5 (55.9% of tank)
[2026-08-23 05:28:46]   fin_LONGRANGE FUEL AUDIT (successes): dv used 265.7 m/s vs direct ref 252.5 (efficiency 1.043x), budget 499.5 (55.9% of tank)
[2026-08-23 05:28:46]   ^ LONGRANGE baseline (tight child) was 40.0%
[2026-08-23 05:38:11] RESULT fin_TIGHT_5k1_T: fin_TIGHT_5k1_T            success 178/200 =  89.0%   md5 b3ef13a99315   564s
[2026-08-23 05:38:11]   fin_TIGHT_5k1_T causes: success=178, collision=1, safety_cap=21
[2026-08-23 05:38:11]   fin_TIGHT_5k1_T FUEL AUDIT (successes): dv used 324.7 m/s vs direct ref 254.2 (efficiency 1.242x), budget 533.7 (59.8% of tank)
[2026-08-23 05:38:11]   fin_TIGHT_5k1_T FUEL AUDIT (successes): dv used 324.7 m/s vs direct ref 254.2 (efficiency 1.242x), budget 533.7 (59.8% of tank)
[2026-08-23 05:48:14] RESULT fin_tight_lean: fin_tight_lean             success 154/200 =  77.0%   md5 9492e5337f09   603s
[2026-08-23 05:48:14]   fin_tight_lean causes: success=154, safety_cap=46
[2026-08-23 05:48:14]   fin_tight_lean FUEL AUDIT (successes): dv used 298.4 m/s vs direct ref 242.3 (efficiency 1.189x), budget 419.9 (71.1% of tank)
[2026-08-23 05:48:14]   fin_tight_lean FUEL AUDIT (successes): dv used 298.4 m/s vs direct ref 242.3 (efficiency 1.189x), budget 419.9 (71.1% of tank)
[2026-08-23 05:57:19] RESULT fin_tight_rich: fin_tight_rich             success 188/200 =  94.0%   md5 fac6185ac84f   544s
[2026-08-23 05:57:19]   fin_tight_rich causes: success=188, collision=1, safety_cap=11
[2026-08-23 05:57:19]   fin_tight_rich FUEL AUDIT (successes): dv used 354.9 m/s vs direct ref 258.2 (efficiency 1.345x), budget 656.5 (54.1% of tank)
[2026-08-23 05:57:19]   fin_tight_rich FUEL AUDIT (successes): dv used 354.9 m/s vs direct ref 258.2 (efficiency 1.345x), budget 656.5 (54.1% of tank)
[2026-08-23 05:57:21] RESULT fin_TIGHT_5k1_tr: fin_TIGHT_5k1_tr           success 150/200 =  75.0%   md5 44354cb412a1   1s
[2026-08-23 05:57:21]   fin_TIGHT_5k1_tr causes: success=150, safety_cap=50
[2026-08-23 05:57:21]   fin_TIGHT_5k1_tr FUEL AUDIT (successes): dv used 332.2 m/s vs direct ref 248.9 (efficiency 1.283x), budget 510.2 (68.1% of tank)
[2026-08-23 05:57:21]   fin_TIGHT_5k1_tr FUEL AUDIT (successes): dv used 332.2 m/s vs direct ref 248.9 (efficiency 1.283x), budget 510.2 (68.1% of tank)
[2026-08-23 05:57:22] RESULT fin_E3_j2_tr: fin_E3_j2_tr               success 192/200 =  96.0%   md5 ebd45d617e8a   1s
[2026-08-23 05:57:22]   fin_E3_j2_tr causes: success=192, safety_cap=8
[2026-08-23 05:57:22]   fin_E3_j2_tr FUEL AUDIT (successes): dv used 295.0 m/s vs direct ref 245.4 (efficiency 1.167x), budget 481.9 (60.4% of tank)
[2026-08-23 05:57:22]   fin_E3_j2_tr FUEL AUDIT (successes): dv used 295.0 m/s vs direct ref 245.4 (efficiency 1.167x), budget 481.9 (60.4% of tank)
[2026-08-23 05:57:22]   ── VERDICT (read mid -> fin against the baseline row) ──
[2026-08-23 05:57:22]   tight  92.5 -> 83 (50M) -> 84 (100M)
[2026-08-23 05:57:22]   E2_j2  29.0 -> 100 (50M) -> 99 (100M)
[2026-08-23 05:57:23]   E3_j2   6.5 -> 96 (50M) -> 95 (100M)
[2026-08-23 05:57:23]   READ:
[2026-08-23 05:57:23]    - tight high at BOTH and wides climbing = CONSOLIDATION HOLDS; the
[2026-08-23 05:57:23]      seesaw was optimization, not capacity, and the write-up changes.
[2026-08-23 05:57:23]    - tight high at 50M, down at 100M = slower seesaw; LR bought time,
[2026-08-23 05:57:23]      not a fix.
[2026-08-23 05:57:23]    - wides FLAT at both (E3 still ~6.5) = LR too low to re-acquire;
[2026-08-23 05:57:23]      this is red-team (a), NOT a capacity result. Fallback T15C_LR=2e-3,
[2026-08-23 05:57:23]      then staged (T15C_LR2/T15C_LR_SWITCH).
[2026-08-23 05:57:23]    - anything 'held' while entropy sat under 0.45 is suspect (c).
[2026-08-23 05:57:23]    - W1 is expected 0.0: excluded from training BY DESIGN, evaluated
[2026-08-23 05:57:23]      anyway. It is not evidence about consolidation either way.
[2026-08-23 05:57:23] ---- stage 3 done ----
[2026-08-23 05:57:23] =========== t15c-dagger campaign COMPLETE ===========
