[2026-08-23 06:26:00] =========== T15d DAgger iteration-3 campaign start (pid 15727) ===========
[2026-08-23 06:26:00] QUESTION: iteration 3. CE-tracks-yield is FALSIFIED (CE halved, yield held),
[2026-08-23 06:26:00]           novelty is flat, and success cap-usage p90 0.51->0.70 predicts the
[2026-08-23 06:26:00]           frontier exhausts after ~iteration 4. Expect a buy, then the bend.
[2026-08-23 06:26:00] root:     t15c_dagger_final.pt  (all seven present; W1 31.5, TIGHT 85.5)
[2026-08-23 06:26:00] mixture:  t11_mixture=4 — step share RE-SOLVED at the new root:
[2026-08-23 06:26:00]           W1 44.5%  TIGHT 35.3%  wides 20.2% (verified at MEAN dec/ep 290, not median)
[2026-08-23 06:26:00] anchors:  ACQ w1_acq lambda 0.20->0.20 over 0 (teacher w1nav_child, W1 states)
[2026-08-23 06:26:00]           DEF tight_def lambda 0.02 constant (teacher = the root itself, TIGHT states)
[2026-08-23 06:26:00] LR:       1e-3 (annealed)   ent_coef 0.01, NO l2_init
[2026-08-23 06:26:00] steps:    75000000, mid battery at ~50000000   nav_max_ticks 0  filter c
[2026-08-23 06:26:00] W1:       anchor set is AGGREGATED (900 teacher-visited + 900 student-visited),
[2026-08-23 06:26:00]           teacher still competent (H 0.84 vs flat 3.43); novelty flat at 1.13
[2026-08-23 06:26:00] baseline: root battery wides 95-99.5, TIGHT 84.5, W1 59.0 (iters bought +13.5, +14.0)
[2026-08-23 06:26:00] STATE:    all rows MEAN-ELEMENT claims under J2; rel slip 83 m / 0.094 m/s per orbit at 5 km
[2026-08-23 06:26:00] stages requested: 0,1,2,3   seed 42
[2026-08-23 06:26:00]   NOTE defense teacher != root BY DESIGN — anchoring TIGHT to the
[2026-08-23 06:26:00]        better behaviour (t13b 95.0) rather than the root's 85.5.
[2026-08-23 06:26:22]   RESULT defense-teacher root_gate: 2/2 root gates pass
[2026-08-23 06:26:22] START stage 0 (anchors, both families, + the T11 gate battery)
[2026-08-23 06:26:40]   RESULT anchors rc=0 25/25 checks pass
[2026-08-23 06:26:48]   RESULT t11 gates rc=0 18/18 gates pass
[2026-08-23 06:26:48]     [PASS] G9a realized consolidation mixture matches its table
[2026-08-23 06:26:48]     [PASS] G9b the excluded cell is drawn exactly zero times
[2026-08-23 06:26:48]     [PASS] G9c the shipped mixture is unchanged by the variant
[2026-08-23 06:26:48] ---- stage 0 done ----
[2026-08-23 06:26:48] START stage 1 (7/7 re-mix: 75000000 steps, LR 1e-3, t11_mixture=3, two anchors)
[2026-08-23 06:26:49]   anchors: [{"name": "w1_acq", "data": "/Users/pete/space_training/models/t15/anchor_w1_dagger3.pt", "ckpt": "/Users/pete/space_training/models/t3/w1nav_child.pt", "lambda": 0.2, "lambda_end": 0.2, "decay_steps": 0, "minibatch": 4}, {"name": "tight_def", "data": "/Users/pete/space_training/models/t15/anchor_tight_k0.pt", "ckpt": "/Users/pete/space_training/models/t3/t13b_anchor_final.pt", "lambda": 0.02, "minibatch": 4}]
[2026-08-23 06:26:49]   trainer pid 15898
[2026-08-23 07:32:59]   TRIPWIRE tight @~25M: 75% (root 92.5%, floor 46%, 20 eps)
[2026-08-23 09:29:08]   final ckpt present; watchdog armed (900s)
[2026-08-23 09:39:09]   final entropy 0.632 (this run starts ~0.70 and held 0.70-0.72 over the 2M smoke; acquisition-LR reference ~1.62, ln 31 = 3.43)
[2026-08-23 09:39:09] ---- stage 1 done ----
[2026-08-23 09:39:09] START stage 2 (MID battery at ~50000000: converging hold vs slower seesaw)
[2026-08-23 09:39:09]   ckpt model_puffer_orbital_nav_000400.pt
[2026-08-23 09:43:57] RESULT mid_E0_j2: mid_E0_j2                  success 195/200 =  97.5%   md5 adc47474b10c   287s
[2026-08-23 09:43:57]   mid_E0_j2 causes: success=195, safety_cap=5
[2026-08-23 09:43:57]   mid_E0_j2 FUEL AUDIT (successes): dv used 281.4 m/s vs direct ref 257.7 (efficiency 1.072x), budget 504.9 (56.9% of tank)
[2026-08-23 09:43:57]   mid_E0_j2 FUEL AUDIT (successes): dv used 281.4 m/s vs direct ref 257.7 (efficiency 1.072x), budget 504.9 (56.9% of tank)
[2026-08-23 09:43:57]   ^ E0_j2 baseline (tight child) was 97.0%
[2026-08-23 09:48:59] RESULT mid_E1_j2: mid_E1_j2                  success 196/200 =  98.0%   md5 2174870cc1f6   301s
[2026-08-23 09:48:59]   mid_E1_j2 causes: success=196, safety_cap=4
[2026-08-23 09:48:59]   mid_E1_j2 FUEL AUDIT (successes): dv used 255.7 m/s vs direct ref 231.1 (efficiency 1.048x), budget 506.0 (49.7% of tank)
[2026-08-23 09:48:59]   mid_E1_j2 FUEL AUDIT (successes): dv used 255.7 m/s vs direct ref 231.1 (efficiency 1.048x), budget 506.0 (49.7% of tank)
[2026-08-23 09:48:59]   ^ E1_j2 baseline (tight child) was 96.5%
[2026-08-23 09:55:44] RESULT mid_E2_j2: mid_E2_j2                  success 197/200 =  98.5%   md5 742d028d6a40   404s
[2026-08-23 09:55:44]   mid_E2_j2 causes: success=197, safety_cap=3
[2026-08-23 09:55:44]   mid_E2_j2 FUEL AUDIT (successes): dv used 261.1 m/s vs direct ref 242.3 (efficiency 1.067x), budget 505.1 (51.9% of tank)
[2026-08-23 09:55:44]   mid_E2_j2 FUEL AUDIT (successes): dv used 261.1 m/s vs direct ref 242.3 (efficiency 1.067x), budget 505.1 (51.9% of tank)
[2026-08-23 09:55:44]   ^ E2_j2 baseline (tight child) was 29.0%
[2026-08-23 10:07:28] RESULT mid_E3_j2: mid_E3_j2                  success 189/200 =  94.5%   md5 6184dadb80f4   703s
[2026-08-23 10:07:28]   mid_E3_j2 causes: success=189, safety_cap=11
[2026-08-23 10:07:28]   mid_E3_j2 FUEL AUDIT (successes): dv used 280.0 m/s vs direct ref 246.0 (efficiency 1.134x), budget 476.9 (59.4% of tank)
[2026-08-23 10:07:28]   mid_E3_j2 FUEL AUDIT (successes): dv used 280.0 m/s vs direct ref 246.0 (efficiency 1.134x), budget 476.9 (59.4% of tank)
[2026-08-23 10:07:28]   ^ E3_j2 baseline (tight child) was 6.5%
[2026-08-23 10:34:28] RESULT mid_W1_driftwait: mid_W1_driftwait           success 143/200 =  71.5%   md5 78b5c99f8f0d   1619s
[2026-08-23 10:34:28]   mid_W1_driftwait causes: success=143, safety_cap=57
[2026-08-23 10:34:28]   mid_W1_driftwait FUEL AUDIT (successes): dv used 420.5 m/s vs direct ref 596.9 (efficiency 0.720x), budget 520.0 (87.9% of tank)
[2026-08-23 10:34:28]   mid_W1_driftwait FUEL AUDIT (successes): dv used 420.5 m/s vs direct ref 596.9 (efficiency 0.720x), budget 520.0 (87.9% of tank)
[2026-08-23 10:34:28]   ^ W1_driftwait baseline (tight child) was 0.0%
[2026-08-23 10:45:01] RESULT mid_TIGHT_5k1: mid_TIGHT_5k1              success 162/200 =  81.0%   md5 8af9a32c451d   632s
[2026-08-23 10:45:01]   mid_TIGHT_5k1 causes: success=162, safety_cap=38
[2026-08-23 10:45:01]   mid_TIGHT_5k1 FUEL AUDIT (successes): dv used 313.4 m/s vs direct ref 252.1 (efficiency 1.231x), budget 513.0 (63.1% of tank)
[2026-08-23 10:45:01]   mid_TIGHT_5k1 FUEL AUDIT (successes): dv used 313.4 m/s vs direct ref 252.1 (efficiency 1.231x), budget 513.0 (63.1% of tank)
[2026-08-23 10:45:01]   ^ TIGHT_5k1 baseline (tight child) was 92.5%
[2026-08-23 10:51:23] RESULT mid_LONGRANGE: mid_LONGRANGE              success 199/200 =  99.5%   md5 26172f7397cc   381s
[2026-08-23 10:51:23]   mid_LONGRANGE causes: success=199, collision=1
[2026-08-23 10:51:23]   mid_LONGRANGE FUEL AUDIT (successes): dv used 270.4 m/s vs direct ref 252.5 (efficiency 1.036x), budget 499.5 (54.4% of tank)
[2026-08-23 10:51:23]   mid_LONGRANGE FUEL AUDIT (successes): dv used 270.4 m/s vs direct ref 252.5 (efficiency 1.036x), budget 499.5 (54.4% of tank)
[2026-08-23 10:51:23]   ^ LONGRANGE baseline (tight child) was 40.0%
[2026-08-23 10:51:23] ---- stage 2 done ----
[2026-08-23 10:51:23] START stage 3 (FINAL battery + tight fuel slices)
[2026-08-23 10:51:23]   ckpt model_puffer_orbital_nav_000573.pt
[2026-08-23 10:56:14] RESULT fin_E0_j2: fin_E0_j2                  success 195/200 =  97.5%   md5 f520839d21c9   290s
[2026-08-23 10:56:14]   fin_E0_j2 causes: success=195, safety_cap=5
[2026-08-23 10:56:14]   fin_E0_j2 FUEL AUDIT (successes): dv used 280.7 m/s vs direct ref 257.3 (efficiency 1.079x), budget 502.9 (57.0% of tank)
[2026-08-23 10:56:14]   fin_E0_j2 FUEL AUDIT (successes): dv used 280.7 m/s vs direct ref 257.3 (efficiency 1.079x), budget 502.9 (57.0% of tank)
[2026-08-23 10:56:14]   ^ E0_j2 baseline (tight child) was 97.0%
[2026-08-23 11:01:26] RESULT fin_E1_j2: fin_E1_j2                  success 197/200 =  98.5%   md5 1b3525926074   311s
[2026-08-23 11:01:26]   fin_E1_j2 causes: success=197, safety_cap=3
[2026-08-23 11:01:26]   fin_E1_j2 FUEL AUDIT (successes): dv used 256.4 m/s vs direct ref 231.1 (efficiency 1.078x), budget 505.8 (51.0% of tank)
[2026-08-23 11:01:26]   fin_E1_j2 FUEL AUDIT (successes): dv used 256.4 m/s vs direct ref 231.1 (efficiency 1.078x), budget 505.8 (51.0% of tank)
[2026-08-23 11:01:26]   ^ E1_j2 baseline (tight child) was 96.5%
[2026-08-23 11:08:40] RESULT fin_E2_j2: fin_E2_j2                  success 196/200 =  98.0%   md5 2d1f97f9849f   433s
[2026-08-23 11:08:40]   fin_E2_j2 causes: success=196, safety_cap=4
[2026-08-23 11:08:40]   fin_E2_j2 FUEL AUDIT (successes): dv used 265.5 m/s vs direct ref 242.5 (efficiency 1.067x), budget 505.8 (54.5% of tank)
[2026-08-23 11:08:40]   fin_E2_j2 FUEL AUDIT (successes): dv used 265.5 m/s vs direct ref 242.5 (efficiency 1.067x), budget 505.8 (54.5% of tank)
[2026-08-23 11:08:40]   ^ E2_j2 baseline (tight child) was 29.0%
[2026-08-23 11:20:45] RESULT fin_E3_j2: fin_E3_j2                  success 192/200 =  96.0%   md5 f0c4f19093f1   724s
[2026-08-23 11:20:45]   fin_E3_j2 causes: success=192, safety_cap=7, stranded=1
[2026-08-23 11:20:45]   fin_E3_j2 FUEL AUDIT (successes): dv used 285.0 m/s vs direct ref 247.9 (efficiency 1.129x), budget 478.2 (60.0% of tank)
[2026-08-23 11:20:45]   fin_E3_j2 FUEL AUDIT (successes): dv used 285.0 m/s vs direct ref 247.9 (efficiency 1.129x), budget 478.2 (60.0% of tank)
[2026-08-23 11:20:45]   ^ E3_j2 baseline (tight child) was 6.5%
[2026-08-23 11:49:22] RESULT fin_W1_driftwait: fin_W1_driftwait           success 140/200 =  70.0%   md5 b79628a8f72c   1716s
[2026-08-23 11:49:22]   fin_W1_driftwait causes: success=140, safety_cap=60
[2026-08-23 11:49:22]   fin_W1_driftwait FUEL AUDIT (successes): dv used 422.7 m/s vs direct ref 596.4 (efficiency 0.724x), budget 525.6 (87.2% of tank)
[2026-08-23 11:49:22]   fin_W1_driftwait FUEL AUDIT (successes): dv used 422.7 m/s vs direct ref 596.4 (efficiency 0.724x), budget 525.6 (87.2% of tank)
[2026-08-23 11:49:22]   ^ W1_driftwait baseline (tight child) was 0.0%
[2026-08-23 11:59:13] RESULT fin_TIGHT_5k1: fin_TIGHT_5k1              success 174/200 =  87.0%   md5 c7c800ca4811   590s
[2026-08-23 11:59:13]   fin_TIGHT_5k1 causes: success=174, safety_cap=26
[2026-08-23 11:59:13]   fin_TIGHT_5k1 FUEL AUDIT (successes): dv used 314.4 m/s vs direct ref 248.9 (efficiency 1.234x), budget 513.0 (62.7% of tank)
[2026-08-23 11:59:13]   fin_TIGHT_5k1 FUEL AUDIT (successes): dv used 314.4 m/s vs direct ref 248.9 (efficiency 1.234x), budget 513.0 (62.7% of tank)
[2026-08-23 11:59:13]   ^ TIGHT_5k1 baseline (tight child) was 92.5%
[2026-08-23 12:05:39] RESULT fin_LONGRANGE: fin_LONGRANGE              success 199/200 =  99.5%   md5 741d671894b1   385s
[2026-08-23 12:05:39]   fin_LONGRANGE causes: success=199, collision=1
[2026-08-23 12:05:39]   fin_LONGRANGE FUEL AUDIT (successes): dv used 261.4 m/s vs direct ref 252.5 (efficiency 1.018x), budget 499.5 (54.3% of tank)
[2026-08-23 12:05:39]   fin_LONGRANGE FUEL AUDIT (successes): dv used 261.4 m/s vs direct ref 252.5 (efficiency 1.018x), budget 499.5 (54.3% of tank)
[2026-08-23 12:05:39]   ^ LONGRANGE baseline (tight child) was 40.0%
[2026-08-23 12:15:24] RESULT fin_TIGHT_5k1_T: fin_TIGHT_5k1_T            success 180/200 =  90.0%   md5 d83937767f2d   584s
[2026-08-23 12:15:24]   fin_TIGHT_5k1_T causes: success=180, safety_cap=20
[2026-08-23 12:15:24]   fin_TIGHT_5k1_T FUEL AUDIT (successes): dv used 327.6 m/s vs direct ref 256.5 (efficiency 1.259x), budget 538.3 (62.5% of tank)
[2026-08-23 12:15:24]   fin_TIGHT_5k1_T FUEL AUDIT (successes): dv used 327.6 m/s vs direct ref 256.5 (efficiency 1.259x), budget 538.3 (62.5% of tank)
[2026-08-23 12:25:50] RESULT fin_tight_lean: fin_tight_lean             success 158/200 =  79.0%   md5 be0ef5006457   625s
[2026-08-23 12:25:50]   fin_tight_lean causes: success=158, safety_cap=42
[2026-08-23 12:25:50]   fin_tight_lean FUEL AUDIT (successes): dv used 305.1 m/s vs direct ref 243.4 (efficiency 1.168x), budget 419.9 (72.7% of tank)
[2026-08-23 12:25:50]   fin_tight_lean FUEL AUDIT (successes): dv used 305.1 m/s vs direct ref 243.4 (efficiency 1.168x), budget 419.9 (72.7% of tank)
[2026-08-23 12:34:53] RESULT fin_tight_rich: fin_tight_rich             success 189/200 =  94.5%   md5 77597c1ae4cf   543s
[2026-08-23 12:34:53]   fin_tight_rich causes: success=189, safety_cap=11
[2026-08-23 12:34:53]   fin_tight_rich FUEL AUDIT (successes): dv used 356.7 m/s vs direct ref 257.8 (efficiency 1.367x), budget 656.5 (54.3% of tank)
[2026-08-23 12:34:53]   fin_tight_rich FUEL AUDIT (successes): dv used 356.7 m/s vs direct ref 257.8 (efficiency 1.367x), budget 656.5 (54.3% of tank)
[2026-08-23 12:34:55] RESULT fin_TIGHT_5k1_tr: fin_TIGHT_5k1_tr           success 161/200 =  80.5%   md5 c21e8872f779   1s
[2026-08-23 12:34:55]   fin_TIGHT_5k1_tr causes: success=161, safety_cap=39
[2026-08-23 12:34:55]   fin_TIGHT_5k1_tr FUEL AUDIT (successes): dv used 333.8 m/s vs direct ref 248.0 (efficiency 1.286x), budget 520.0 (67.6% of tank)
[2026-08-23 12:34:55]   fin_TIGHT_5k1_tr FUEL AUDIT (successes): dv used 333.8 m/s vs direct ref 248.0 (efficiency 1.286x), budget 520.0 (67.6% of tank)
[2026-08-23 12:34:57] RESULT fin_E3_j2_tr: fin_E3_j2_tr               success 190/200 =  95.0%   md5 87362b6b2315   1s
[2026-08-23 12:34:57]   fin_E3_j2_tr causes: success=190, safety_cap=10
[2026-08-23 12:34:57]   fin_E3_j2_tr FUEL AUDIT (successes): dv used 285.4 m/s vs direct ref 245.4 (efficiency 1.126x), budget 480.2 (60.0% of tank)
[2026-08-23 12:34:57]   fin_E3_j2_tr FUEL AUDIT (successes): dv used 285.4 m/s vs direct ref 245.4 (efficiency 1.126x), budget 480.2 (60.0% of tank)
[2026-08-23 12:34:57]   ── VERDICT (read mid -> fin against the baseline row) ──
[2026-08-23 12:34:57]   tight  92.5 -> 81 (50M) -> 87 (100M)
[2026-08-23 12:34:57]   E2_j2  29.0 -> 98 (50M) -> 98 (100M)
[2026-08-23 12:34:57]   E3_j2   6.5 -> 94 (50M) -> 96 (100M)
[2026-08-23 12:34:57]   READ:
[2026-08-23 12:34:57]    - tight high at BOTH and wides climbing = CONSOLIDATION HOLDS; the
[2026-08-23 12:34:57]      seesaw was optimization, not capacity, and the write-up changes.
[2026-08-23 12:34:57]    - tight high at 50M, down at 100M = slower seesaw; LR bought time,
[2026-08-23 12:34:57]      not a fix.
[2026-08-23 12:34:57]    - wides FLAT at both (E3 still ~6.5) = LR too low to re-acquire;
[2026-08-23 12:34:57]      this is red-team (a), NOT a capacity result. Fallback T15D_LR=2e-3,
[2026-08-23 12:34:57]      then staged (T15D_LR2/T15D_LR_SWITCH).
[2026-08-23 12:34:57]    - anything 'held' while entropy sat under 0.45 is suspect (c).
[2026-08-23 12:34:57]    - W1 is expected 0.0: excluded from training BY DESIGN, evaluated
[2026-08-23 12:34:57]      anyway. It is not evidence about consolidation either way.
[2026-08-23 12:34:57] ---- stage 3 done ----
[2026-08-23 12:34:57] =========== t15d-dagger campaign COMPLETE ===========
